// Jest Snapshot v1, https://goo.gl/fbAQLP

exports[`Sitemap component tests Snapshot as intented 1`] = `
<styled.div>
  <styled.div>
    <styled.article>
      <select>
        <option
          value="english"
        >
          English
        </option>
      </select>
      <select>
        <option
          value="GBP"
        >
          GBP
        </option>
      </select>
    </styled.article>
    <styled.article>
      <h4>
        <b>
          Airbnb
        </b>
      </h4>
      <ul>
        <li>
          About us
        </li>
        <li>
          Careers
        </li>
        <li>
          Press
        </li>
        <li>
          Policies
        </li>
        <li>
          Help
        </li>
        <li>
          Diversity & Belonging
        </li>
      </ul>
    </styled.article>
    <styled.article>
      <h4>
        <b>
          Discover
        </b>
      </h4>
      <ul>
        <li>
          Trust and Safety
        </li>
        <li>
          Travel Credit
        </li>
        <li>
          Airbnb Citzen
        </li>
        <li>
          Business Travel
        </li>
        <li>
          Guidebooks
        </li>
        <li>
          Airbnb Mag
        </li>
      </ul>
    </styled.article>
    <styled.article>
      <h4>
        <b>
          Hosting
        </b>
      </h4>
      <ul>
        <li>
          Why Host
        </li>
        <li>
          Hospitality
        </li>
        <li>
          Responsible Hosting
        </li>
        <li>
          Community Center 
        </li>
      </ul>
    </styled.article>
  </styled.div>
</styled.div>
`;
